student@T3:~$ cd ajce
student@T3:~/ajce$ cd mca
student@T3:~/ajce/mca$ cd mca
student@T3:~/ajce/mca/mca$ cd ar
student@T3:~/ajce/mca/mca/ar$ cd am
student@T3:~/ajce/mca/mca/ar/am$ man wc
student@T3:~/ajce/mca/mca/ar/am$ more -d anu.txt

more command in Linux with Examples

more command is used to view the text files in the command prompt, displaying on
e screen at a time in case the file is large (For example log files). The more c
ommand also allows the user do scroll up and down through the page. The syntax a
long with options and command is as follows. Another application of more is to u
se it with some other command after a pipe. When output is large, we can use mor
e command to see output one by one.

Syntax:

    more [-options] [-num] [+/pattern] [+linenum] [file_name]

    [-options]: any option that you want to use in order to change the way the f
ile is displayed.
    Choose any one from the following-:
    (-d, -l, -f, -p, -c, -s, -u)
    [-num]: type the number of lines that you want to display per screen.
    [+/pattern]: replace pattern with any string that you want to find in the te
xt file.
    [+linenum]: use the line number from where you want to start displaying the 
text content.
    [file_name]: name of the file containing the text that you want to display o
n the screen.

while viewing the text file use these controls :


    Enter key: to scroll down line by line.
    Space bar: To go to the next page.
    b key: To go to back one page.

options used with more command
-d :use this command in order to help the user to navigate. It displays “[Press 
space to continue, ‘q’ to quit.]” and displays “[Press ‘h’ for instructions.]” w
student@T3:~/ajce/mca/mca/ar/am$ more -f anu.txt

more command in Linux with Examples

more command is used to view the text files in the command prompt, displaying one screen at a time in case the file is large (For example log files). The more command also allows the user do scroll up and down through the page. The syntax along with options and command is as follows. Another application of more is
 to use it with some other command after a pipe. When output is large, we can use more command to see output one by one.

Syntax:

    more [-options] [-num] [+/pattern] [+linenum] [file_name]

    [-options]: any option that you want to use in order to change the way the file is displayed.
    Choose any one from the following-:
    (-d, -l, -f, -p, -c, -s, -u)
    [-num]: type the number of lines that you want to display per screen.
    [+/pattern]: replace pattern with any string that you want to find in the text file.
    [+linenum]: use the line number from where you want to start displaying the text content.
    [file_name]: name of the file containing the text that you want to display on the screen.

while viewing the text file use these controls :


    Enter key: to scroll down line by line.
    Space bar: To go to the next page.
    b key: To go to back one page.

options used with more command
-d :use this command in order to help the user to navigate. It displays “[Press space to continue, ‘q’ to quit.]” and displays “[Press ‘h’ for instructions.]” when wrong key is pressed.
Example:

Input : 
more -d sample.txt
Output :his command does not wrap the long lines and displays them as such.
Example:

Input : 
more -f sample.txt
student@T3:~/ajce/mca/mca/ar/am$ more anu.txt

more command in Linux with Examples

more command is used to view the text files in the command prompt, displaying on
e screen at a time in case the file is large (For example log files). The more c
ommand also allows the user do scroll up and down through the page. The syntax a
long with options and command is as follows. Another application of more is to u
se it with some other command after a pipe. When output is large, we can use mor
e command to see output one by one.

Syntax:

    more [-options] [-num] [+/pattern] [+linenum] [file_name]

    [-options]: any option that you want to use in order to change the way the f
ile is displayed.
    Choose any one from the following-:
    (-d, -l, -f, -p, -c, -s, -u)
    [-num]: type the number of lines that you want to display per screen.
    [+/pattern]: replace pattern with any string that you want to find in the te
xt file.
    [+linenum]: use the line number from where you want to start displaying the 
text content.
    [file_name]: name of the file containing the text that you want to display o
n the screen.

while viewing the text file use these controls :


    Enter key: to scroll down line by line.
    Space bar: To go to the next page.
    b key: To go to back one page.

options used with more command
-d :use this command in order to help the user to navigate. It displays “[Press 
space to continue, ‘q’ to quit.]” and displays “[Press ‘h’ for instructions.]” w
hen wrong key is pressed.
Example:

student@T3:~/ajce/mca/mca/ar/am$ more -l anu.txt

more command in Linux with Examples

more command is used to view the text files in the command prompt, displaying on
e screen at a time in case the file is large (For example log files). The more c
ommand also allows the user do scroll up and down through the page. The syntax a
long with options and command is as follows. Another application of more is to u
se it with some other command after a pipe. When output is large, we can use mor
e command to see output one by one.

Syntax:

    more [-options] [-num] [+/pattern] [+linenum] [file_name]

    [-options]: any option that you want to use in order to change the way the f
ile is displayed.
    Choose any one from the following-:
    (-d, -l, -f, -p, -c, -s, -u)
    [-num]: type the number of lines that you want to display per screen.
    [+/pattern]: replace pattern with any string that you want to find in the te
xt file.
    [+linenum]: use the line number from where you want to start displaying the 
text content.
    [file_name]: name of the file containing the text that you want to display o
n the screen.

while viewing the text file use these controls :


    Enter key: to scroll down line by line.
    Space bar: To go to the next page.
    b key: To go to back one page.

options used with more command
-d :use this command in order to help the user to navigate. It displays “[Press 
space to continue, ‘q’ to quit.]” and displays “[Press ‘h’ for instructions.]” w
student@T3:~/ajce/mca/mca/ar/am$ more -p anu.txt



more command in Linux with Examples

more command is used to view the text files in the command prompt, displaying on
e screen at a time in case the file is large (For example log files). The more c
ommand also allows the user do scroll up and down through the page. The syntax a
long with options and command is as follows. Another application of more is to u
se it with some other command after a pipe. When output is large, we can use mor
e command to see output one by one.

Syntax:

    more [-options] [-num] [+/pattern] [+linenum] [file_name]

    [-options]: any option that you want to use in order to change the way the f
ile is displayed.
    Choose any one from the following-:
    (-d, -l, -f, -p, -c, -s, -u)
    [-num]: type the number of lines that you want to display per screen.
    [+/pattern]: replace pattern with any string that you want to find in the te
xt file.
    [+linenum]: use the line number from where you want to start displaying the 
text content.
    [file_name]: name of the file containing the text that you want to display o
n the screen.

while viewing the text file use these controls :


    Enter key: to scroll down line by line.
    Space bar: To go to the next page.
    b key: To go to back one page.

options used with more command
-d :use this command in order to help the user to navigate. It displays “[Press 
space to continue, ‘q’ to quit.]” and displays “[Press ‘h’ for instructions.]” w
student@T3:~/ajce/mca/mca/ar/am$ more -s anu.txt

more command in Linux with Examples

more command is used to view the text files in the command prompt, displaying on
e screen at a time in case the file is large (For example log files). The more c
ommand also allows the user do scroll up and down through the page. The syntax a
long with options and command is as follows. Another application of more is to u
se it with some other command after a pipe. When output is large, we can use mor
e command to see output one by one.

Syntax:

    more [-options] [-num] [+/pattern] [+linenum] [file_name]

    [-options]: any option that you want to use in order to change the way the f
ile is displayed.
    Choose any one from the following-:
    (-d, -l, -f, -p, -c, -s, -u)
    [-num]: type the number of lines that you want to display per screen.
    [+/pattern]: replace pattern with any string that you want to find in the te
xt file.
    [+linenum]: use the line number from where you want to start displaying the 
text content.
    [file_name]: name of the file containing the text that you want to display o
n the screen.

while viewing the text file use these controls :

    Enter key: to scroll down line by line.
    Space bar: To go to the next page.
    b key: To go to back one page.

options used with more command
-d :use this command in order to help the user to navigate. It displays “[Press 
space to continue, ‘q’ to quit.]” and displays “[Press ‘h’ for instructions.]” w
hen wrong key is pressed.
student@T3:~/ajce/mca/mca/ar/am$ more -u anu.txt

more command in Linux with Examples

more command is used to view the text files in the command prompt, displaying on
e screen at a time in case the file is large (For example log files). The more c
ommand also allows the user do scroll up and down through the page. The syntax a
long with options and command is as follows. Another application of more is to u
se it with some other command after a pipe. When output is large, we can use mor
e command to see output one by one.

Syntax:

    more [-options] [-num] [+/pattern] [+linenum] [file_name]

    [-options]: any option that you want to use in order to change the way the f
ile is displayed.
    Choose any one from the following-:
    (-d, -l, -f, -p, -c, -s, -u)
    [-num]: type the number of lines that you want to display per screen.
    [+/pattern]: replace pattern with any string that you want to find in the te
xt file.
    [+linenum]: use the line number from where you want to start displaying the 
text content.
    [file_name]: name of the file containing the text that you want to display o
n the screen.

while viewing the text file use these controls :


    Enter key: to scroll down line by line.
    Space bar: To go to the next page.
    b key: To go to back one page.

options used with more command
-d :use this command in order to help the user to navigate. It displays “[Press 
space to continue, ‘q’ to quit.]” and displays “[Press ‘h’ for instructions.]” w
student@T3:~/ajce/mca/mca/ar/am$ more +/use anu.txt

...skipping
more command in Linux with Examples

more command is used to view the text files in the command prompt, displaying on
e screen at a time in case the file is large (For example log files). The more c
ommand also allows the user do scroll up and down through the page. The syntax a
long with options and command is as follows. Another application of more is to u
se it with some other command after a pipe. When output is large, we can use mor
e command to see output one by one.

Syntax:

    more [-options] [-num] [+/pattern] [+linenum] [file_name]

    [-options]: any option that you want to use in order to change the way the f
ile is displayed.
    Choose any one from the following-:
    (-d, -l, -f, -p, -c, -s, -u)
    [-num]: type the number of lines that you want to display per screen.
    [+/pattern]: replace pattern with any string that you want to find in the te
xt file.
    [+linenum]: use the line number from where you want to start displaying the 
text content.
    [file_name]: name of the file containing the text that you want to display o
n the screen.

while viewing the text file use these controls :


    Enter key: to scroll down line by line.
    Space bar: To go to the next page.
    b key: To go to back one page.

options used with more command
-d :use this command in order to help the user to navigate. It displays “[Press 
space to continue, ‘q’ to quit.]” and displays “[Press ‘h’ for instructions.]” w
hen wrong key is pressed.
student@T3:~/ajce/mca/mca/ar/am$ 
student@T3:~/ajce/mca/mca/ar/am$ more +30 anu.txt
more -d sample.txt
Output :his command does not wrap the long lines and displays them as such.
Example:

Input : 
more -f sample.txt
Output :

-p :this command clears the screen and then displays the text.
Example:

Input : 
more -p sample.txt
Output :

-c :this command is used to display the pages on the same area by overlapping th
e previous displayed text.
Example:

Input : 
more -c sample.txt
Output :

-s :this command squeezes multiple blank lines into one single blank line.
Example:

Input : 
more -s sample.txt
Output :

-u :this command omits the underlines.
Example:

Input : 
more -u sample.txt

student@T3:~/ajce/mca/mca/ar/am$ cat anu.txt | more

more command in Linux with Examples

more command is used to view the text files in the command prompt, displaying on
e screen at a time in case the file is large (For example log files). The more c
ommand also allows the user do scroll up and down through the page. The syntax a
long with options and command is as follows. Another application of more is to u
se it with some other command after a pipe. When output is large, we can use mor
e command to see output one by one.

Syntax:

    more [-options] [-num] [+/pattern] [+linenum] [file_name]

    [-options]: any option that you want to use in order to change the way the f
ile is displayed.
    Choose any one from the following-:
    (-d, -l, -f, -p, -c, -s, -u)
    [-num]: type the number of lines that you want to display per screen.
    [+/pattern]: replace pattern with any string that you want to find in the te
xt file.
    [+linenum]: use the line number from where you want to start displaying the 
text content.
    [file_name]: name of the file containing the text that you want to display o
n the screen.

while viewing the text file use these controls :


    Enter key: to scroll down line by line.
    Space bar: To go to the next page.
    b key: To go to back one page.

options used with more command
-d :use this command in order to help the user to navigate. It displays “[Press 
space to continue, ‘q’ to quit.]” and displays “[Press ‘h’ for instructions.]” w
student@T3:~/ajce/mca/mca/ar/am$ man more
student@T3:~/ajce/mca/mca/ar/am$ MORE -V
MORE: command not found
student@T3:~/ajce/mca/mca/ar/am$ more -v
more: unknown option -v
Try 'more --help' for more information.
student@T3:~/ajce/mca/mca/ar/am$ more - v
more: stat of v failed: No such file or directory
student@T3:~/ajce/mca/mca/ar/am$ -v
-v: command not found
student@T3:~/ajce/mca/mca/ar/am$ more +5 anu.txt

Syntax:

    more [-options] [-num] [+/pattern] [+linenum] [file_name]

    [-options]: any option that you want to use in order to change the way the f
ile is displayed.
    Choose any one from the following-:
    (-d, -l, -f, -p, -c, -s, -u)
    [-num]: type the number of lines that you want to display per screen.
    [+/pattern]: replace pattern with any string that you want to find in the te
xt file.
    [+linenum]: use the line number from where you want to start displaying the 
text content.
    [file_name]: name of the file containing the text that you want to display o
n the screen.

while viewing the text file use these controls :


    Enter key: to scroll down line by line.
    Space bar: To go to the next page.
    b key: To go to back one page.

options used with more command
-d :use this command in order to help the user to navigate. It displays “[Press 
space to continue, ‘q’ to quit.]” and displays “[Press ‘h’ for instructions.]” w
hen wrong key is pressed.
Example:

Input : 
more -d sample.txt
Output :his command does not wrap the long lines and displays them as such.
Example:

Input : 
student@T3:~/ajce/mca/mca/ar/am$ more -d  anu.txt

more command in Linux with Examples

more command is used to view the text files in the command prompt, displaying on
e screen at a time in case the file is large (For example log files). The more c
ommand also allows the user do scroll up and down through the page. The syntax a
long with options and command is as follows. Another application of more is to u
se it with some other command after a pipe. When output is large, we can use mor
e command to see output one by one.

Syntax:

    more [-options] [-num] [+/pattern] [+linenum] [file_name]

    [-options]: any option that you want to use in order to change the way the f
ile is displayed.
    Choose any one from the following-:
    (-d, -l, -f, -p, -c, -s, -u)
    [-num]: type the number of lines that you want to display per screen.
    [+/pattern]: replace pattern with any string that you want to find in the te
xt file.
    [+linenum]: use the line number from where you want to start displaying the 
text content.
    [file_name]: name of the file containing the text that you want to display o
n the screen.

while viewing the text file use these controls :


    Enter key: to scroll down line by line.
    Space bar: To go to the next page.
    b key: To go to back one page.

options used with more command
-d :use this command in order to help the user to navigate. It displays “[Press 
space to continue, ‘q’ to quit.]” and displays “[Press ‘h’ for instructions.]” w
student@T3:~/ajce/mca/mca/ar/am$ more -d  name.txt
anjali vishnu
hari
anju
akhil
anitta
snobu

List of Fruits in English:

Fruits in English - Grapes

grapes

Fruits in English - Lime

lime

Fruits in English - Lemon

lemon

Fruits in English - Cherry

cherry

Fruits in English - Blueberry

blueberry

Fruits in English - Banana

banana

Fruits in English - Apple

apple
student@T3:~/ajce/mca/mca/ar/am$ more +5  name.txt
anitta
snobu

List of Fruits in English:

Fruits in English - Grapes

grapes

Fruits in English - Lime

lime

Fruits in English - Lemon

lemon

Fruits in English - Cherry

cherry

Fruits in English - Blueberry

blueberry

Fruits in English - Banana

banana

Fruits in English - Apple

apple

Fruits in English - Watermelon

watermelon
student@T3:~/ajce/mca/mca/ar/am$ more -5  name.txt
anjali vishnu
hari
anju
akhil
anitta
student@T3:~/ajce/mca/mca/ar/am$ more -l  name.txt
anjali vishnu
hari
anju
akhil
anitta
snobu

List of Fruits in English:

Fruits in English - Grapes

grapes

Fruits in English - Lime

lime

Fruits in English - Lemon

lemon

Fruits in English - Cherry

cherry

Fruits in English - Blueberry

blueberry

Fruits in English - Banana

banana

Fruits in English - Apple

apple
student@T3:~/ajce/mca/mca/ar/am$ more -d  name.txt
anjali vishnu
hari
anju
akhil
anitta
snobu

List of Fruits in English:

Fruits in English - Grapes

grapes

Fruits in English - Lime

lime

Fruits in English - Lemon

lemon

Fruits in English - Cherry

cherry

Fruits in English - Blueberry

blueberry

Fruits in English - Banana

banana

Fruits in English - Apple

apple
student@T3:~/ajce/mca/mca/ar/am$ more -f  name.txt
anjali vishnu
anjali vishnu
hari
anju
akhil
anitta
snobu

List of Fruits in English:

Fruits in English - Grapes

grapes

Fruits in English - Lime

lime

Fruits in English - Lemon

lemon

Fruits in English - Cherry

cherry

Fruits in English - Blueberry

blueberry

Fruits in English - Banana

banana

Fruits in English - Apple

apple
student@T3:~/ajce/mca/mca/ar/am$ more -u  name.txt
anjali vishnu
hari
anju
akhil
anitta
snobu

List of Fruits in English:

Fruits in English - Grapes

grapes

Fruits in English - Lime

lime

Fruits in English - Lemon

lemon

Fruits in English - Cherry

cherry

Fruits in English - Blueberry

blueberry

Fruits in English - Banana

banana

Fruits in English - Apple

apple
student@T3:~/ajce/mca/mca/ar/am$ more -p  name.txt

anjali vishnu
hari
anju
akhil
anitta
snobu

List of Fruits in English:

Fruits in English - Grapes

grapes

Fruits in English - Lime

lime

Fruits in English - Lemon

lemon

Fruits in English - Cherry

cherry

Fruits in English - Blueberry

blueberry

Fruits in English - Banana

banana

Fruits in English - Apple

apple
student@T3:~/ajce/mca/mca/ar/am$ more -s  name.txt
anjali vishnu
hari
anju
akhil
anitta
snobu

List of Fruits in English:

Fruits in English - Grapes

grapes

Fruits in English - Lime

lime

Fruits in English - Lemon

lemon

Fruits in English - Cherry

cherry

Fruits in English - Blueberry

blueberry

Fruits in English - Banana

banana

Fruits in English - Apple

apple
student@T3:~/ajce/mca/mca/ar/am$ less -5 name.txt
student@T3:~/ajce/mca/mca/ar/am$ less +5 name.txt
student@T3:~/ajce/mca/mca/ar/am$ man less
student@T3:~/ajce/mca/mca/ar/am$ more +/  name.txt
anjali vishnu
hari
anju
akhil
anitta
snobu

List of Fruits in English:

Fruits in English - Grapes

grapes

Fruits in English - Lime

lime

Fruits in English - Lemon

lemon

Fruits in English - Cherry

cherry

Fruits in English - Blueberry

blueberry

Fruits in English - Banana

banana

Fruits in English - Apple

apple
student@T3:~/ajce/mca/mca/ar/am$ more -p  name.txt

anjali vishnu
hari
anju
akhil
anitta
snobu

List of Fruits in English:

Fruits in English - Grapes

grapes

Fruits in English - Lime

lime

Fruits in English - Lemon

lemon

Fruits in English - Cherry

cherry

Fruits in English - Blueberry

blueberry

Fruits in English - Banana

banana

Fruits in English - Apple

apple
student@T3:~/ajce/mca/mca/ar/am$ more -p  name.txt

anjali vishnu
hari
anju
akhil
anitta
snobu

List of Fruits in English:

Fruits in English - Grapes

grapes

Fruits in English - Lime

lime

Fruits in English - Lemon

lemon

Fruits in English - Cherry

cherry

Fruits in English - Blueberry

blueberry

Fruits in English - Banana

banana

Fruits in English - Apple

apple
student@T3:~/ajce/mca/mca/ar/am$ more -s  name.txt
anjali vishnu
hari
anju
akhil
anitta
snobu

List of Fruits in English:

Fruits in English - Grapes

grapes

Fruits in English - Lime

lime

Fruits in English - Lemon

lemon

Fruits in English - Cherry

cherry

Fruits in English - Blueberry

blueberry

Fruits in English - Banana

banana

Fruits in English - Apple

apple
student@T3:~/ajce/mca/mca/ar/am$ more -s  name.txt
anjali vishnu
hari
anju
akhil
anitta
snobu

List of Fruits in English:

Fruits in English - Grapes

grapes

Fruits in English - Lime

lime

Fruits in English - Lemon

lemon

Fruits in English - Cherry

cherry

Fruits in English - Blueberry

blueberry

Fruits in English - Banana

banana

Fruits in English - Apple

apple
student@T3:~/ajce/mca/mca/ar/am$ more -d  name.txt
anjali vishnu
hari
anju
akhil
anitta
snobu

List of Fruits in English:

Fruits in English - Grapes

grapes

Fruits in English - Lime

lime

Fruits in English - Lemon













lemon

Fruits in English - Cherry

cherry
student@T3:~/ajce/mca/mca/ar/am$ mor +/lime  name.txt

Command 'mor' not found, did you mean:

  command 'more' from deb util-linux
  command 'mtr' from deb mtr-tiny
  command 'mtr' from deb mtr
  command 'tor' from deb tor
  command 'mon' from deb mon
  command 'mord' from deb scotch
  command 'mod' from deb monodoc-base
  command 'mr' from deb myrepos
  command 'moar' from deb moarvm
  command 'mog' from deb mazeofgalious
  command 'moc' from deb qtchooser
  command 'vor' from deb vor
  command 'mlr' from deb miller
  command 'oor' from deb openoverlayrouter
  command 'sor' from deb pccts

Try: apt install <deb name>

student@T3:~/ajce/mca/mca/ar/am$ more +/lime  name.txt

...skipping
Fruits in English - Lime

lime

Fruits in English - Lemon













lemon

Fruits in English - Cherry

cherry

Fruits in English - Blueberry

blueberry

Fruits in English - Banana

banana

Fruits in English - Apple

apple

student@T3:~/ajce/mca/mca/ar/am$ more +3  name.txt
anju
akhil
anitta
snobu

List of Fruits in English:

Fruits in English - Grapes

grapes

Fruits in English - Lime

lime

Fruits in English - Lemon













lemon

Fruits in English - Cherry

cherry

Fruits in English - Blueberry
student@T3:~/ajce/mca/mca/ar/am$ 

