student@T3:~$  git config --global user.name "anjali"
student@T3:~$  git config --global user.email "anjalips@mca.ajce.in"
student@T3:~$  git init newtest
Initialized empty Git repository in /home/student/newtest/.git/
student@T3:~$ cd mytest
student@T3:~/mytest$  gedit README
student@T3:~/mytest$  gedit sample program
student@T3:~/mytest$ git add README
student@T3:~/mytest$ gedit add sample program
student@T3:~/mytest$ gedit add sample.c
student@T3:~/mytest$ git commit -m "commite the program"
On branch master
Untracked files:
	Anjali-sample/
	add
	sample

nothing added to commit but untracked files present
student@T3:~/mytest$ git push  master
fatal: The current branch master has no upstream branch.
To push the current branch and set the remote as upstream, use

    git push --set-upstream master master

student@T3:~/mytest$ git remote add origin https://github.com/Anjalips/Anjali-sample.git
student@T3:~/mytest$ git push origin master 
Username for 'https://github.com': anjali
Password for 'https://anjali@github.com': 
remote: Invalid username or password.
fatal: Authentication failed for 'https://github.com/Anjalips/Anjali-sample.git/'
student@T3:~/mytest$ ^C
student@T3:~/mytest$ git remote add origin https://github.com/Anjalips/Anjali-sample.git
fatal: remote origin already exists.
student@T3:~/mytest$ git push origin master 
Username for 'https://github.com': ^C
student@T3:~/mytest$ git push origin master 
Username for 'https://github.com': Anjalips               
Password for 'https://Anjalips@github.com': 
Everything up-to-date
student@T3:~/mytest$  git status
On branch master
Untracked files:
  (use "git add <file>..." to include in what will be committed)

	Anjali-sample/
	add
	sample

nothing added to commit but untracked files present (use "git add" to track)
student@T3:~/mytest$ git clone https://github.com/Anjalips/Anjali-sample
fatal: destination path 'Anjali-sample' already exists and is not an empty directory.
student@T3:~/mytest$ git branch newbranch
fatal: A branch named 'newbranch' already exists.
student@T3:~/mytest$ git branch newbranch1
student@T3:~/mytest$ git checkout newbranch1
Switched to branch 'newbranch1'
student@T3:~/mytest$ git status
On branch newbranch1
Untracked files:
  (use "git add <file>..." to include in what will be committed)

	Anjali-sample/
	add
	sample

nothing added to commit but untracked files present (use "git add" to track)
student@T3:~/mytest$ git rebase -i
There is no tracking information for the current branch.
Please specify which branch you want to rebase against.
See git-rebase(1) for details.

    git rebase <branch>

If you wish to set tracking information for this branch you can do so with:

    git branch --set-upstream-to=origin/<branch> newbranch1

student@T3:~/mytest$ git rebase -i newbranch
Successfully rebased and updated refs/heads/newbranch1.
student@T3:~/mytest$ git rebase -i
There is no tracking information for the current branch.
Please specify which branch you want to rebase against.
See git-rebase(1) for details.

    git rebase <branch>

If you wish to set tracking information for this branch you can do so with:

    git branch --set-upstream-to=origin/<branch> newbranch1

student@T3:~/mytest$ revert "there is an error"
revert: command not found
student@T3:~/mytest$ Revert "there is an error"
Revert: command not found
student@T3:~/mytest$ git revert --continue
error: no cherry-pick or revert in progress
fatal: revert failed
student@T3:~/mytest$ git revert --abort
error: no cherry-pick or revert in progress
fatal: revert failed
student@T3:~/mytest$ git revert "error occured"
fatal: bad revision 'error occured'
student@T3:~/mytest$ git revert HEAD
[newbranch1 4640a86] Revert "commite the program"
 2 files changed, 9 deletions(-)
 delete mode 100644 README
 delete mode 100644 sample.c
student@T3:~/mytest$ 

